test_preset (test_python_udf.PythonUdfTests.test_preset) ... ok
test_real_entrypoints_dates_and_evidence (test_python_udf.PythonUdfTests.test_real_entrypoints_dates_and_evidence) ... FAIL

======================================================================
FAIL: test_real_entrypoints_dates_and_evidence (test_python_udf.PythonUdfTests.test_real_entrypoints_dates_and_evidence)
----------------------------------------------------------------------
Traceback (most recent call last):
  File "<repo>/tests/test_python_udf.py", line 45, in test_real_entrypoints_dates_and_evidence
    self.assertEqual(p.returncode, 0, (root / f'{name}.log').read_text()[-10000:])
AssertionError: 1 != 0 : rk.sql.catalyst.trees.TreeNode.$anonfun$transformDownWithPruning$1(TreeNode.scala:470)
	at org.apache.spark.sql.catalyst.trees.CurrentOrigin$.withOrigin(origin.scala:86)
	at org.apache.spark.sql.catalyst.trees.TreeNode.transformDownWithPruning(TreeNode.scala:470)
	at org.apache.spark.sql.catalyst.plans.logical.LogicalPlan.org$apache$spark$sql$catalyst$plans$logical$AnalysisHelper$$super$transformDownWithPruning(LogicalPlan.scala:37)
	at org.apache.spark.sql.catalyst.plans.logical.AnalysisHelper.transformDownWithPruning(AnalysisHelper.scala:360)
	at org.apache.spark.sql.catalyst.plans.logical.AnalysisHelper.transformDownWithPruning$(AnalysisHelper.scala:356)
	at org.apache.spark.sql.catalyst.plans.logical.LogicalPlan.transformDownWithPruning(LogicalPlan.scala:37)
	at org.apache.spark.sql.catalyst.plans.logical.LogicalPlan.transformDownWithPruning(LogicalPlan.scala:37)
	at org.apache.spark.sql.catalyst.trees.TreeNode.transformDown(TreeNode.scala:446)
	at org.apache.spark.sql.execution.QueryExecution.eagerlyExecuteCommands(QueryExecution.scala:164)
	at org.apache.spark.sql.execution.QueryExecution.$anonfun$lazyCommandExecuted$1(QueryExecution.scala:126)
	at scala.util.Try$.apply(Try.scala:217)
	at org.apache.spark.util.Utils$.doTryWithCallerStacktrace(Utils.scala:1378)
	at org.apache.spark.util.LazyTry.tryT$lzycompute(LazyTry.scala:46)
	at org.apache.spark.util.LazyTry.tryT(LazyTry.scala:46)
	at org.apache.spark.util.LazyTry.get(LazyTry.scala:58)
	at org.apache.spark.sql.execution.QueryExecution.commandExecuted(QueryExecution.scala:131)
	at org.apache.spark.sql.execution.QueryExecution.assertCommandExecuted(QueryExecution.scala:192)
	at org.apache.spark.sql.classic.DataFrameWriter.runCommand(DataFrameWriter.scala:622)
	at org.apache.spark.sql.classic.DataFrameWriter.saveToV1Source(DataFrameWriter.scala:273)
	at org.apache.spark.sql.classic.DataFrameWriter.saveInternal(DataFrameWriter.scala:235)
	at org.apache.spark.sql.classic.DataFrameWriter.save(DataFrameWriter.scala:118)
	at java.base/jdk.internal.reflect.NativeMethodAccessorImpl.invoke0(Native Method)
	at java.base/jdk.internal.reflect.NativeMethodAccessorImpl.invoke(NativeMethodAccessorImpl.java:75)
	at java.base/jdk.internal.reflect.DelegatingMethodAccessorImpl.invoke(DelegatingMethodAccessorImpl.java:52)
	at java.base/java.lang.reflect.Method.invoke(Method.java:580)
	at py4j.reflection.MethodInvoker.invoke(MethodInvoker.java:244)
	at py4j.reflection.ReflectionEngine.invoke(ReflectionEngine.java:374)
	at py4j.Gateway.invoke(Gateway.java:282)
	at py4j.commands.AbstractCommand.invokeMethod(AbstractCommand.java:132)
	at py4j.commands.CallCommand.execute(CallCommand.java:79)
	at py4j.ClientServerConnection.waitForCommands(ClientServerConnection.java:184)
	at py4j.ClientServerConnection.run(ClientServerConnection.java:108)
	at java.base/java.lang.Thread.run(Thread.java:1583)
Caused by: org.apache.spark.api.python.PythonException: Traceback (most recent call last):
  File "<repo>/.venv/lib/python3.11/site-packages/pyspark/python/lib/pyspark.zip/pyspark/worker.py", line 2028, in main
    func, profiler, deserializer, serializer = read_udfs(pickleSer, infile, eval_type)
                                               ^^^^^^^^^^^^^^^^^^^^^^^^^^^^^^^^^^^^^^^
  File "<repo>/.venv/lib/python3.11/site-packages/pyspark/python/lib/pyspark.zip/pyspark/worker.py", line 1938, in read_udfs
    read_single_udf(
  File "<repo>/.venv/lib/python3.11/site-packages/pyspark/python/lib/pyspark.zip/pyspark/worker.py", line 876, in read_single_udf
    f, return_type = read_command(pickleSer, infile)
                     ^^^^^^^^^^^^^^^^^^^^^^^^^^^^^^^
  File "<repo>/.venv/lib/python3.11/site-packages/pyspark/python/lib/pyspark.zip/pyspark/worker_util.py", line 64, in read_command
    command = serializer._read_with_length(file)
              ^^^^^^^^^^^^^^^^^^^^^^^^^^^^^^^^^^
  File "<repo>/.venv/lib/python3.11/site-packages/pyspark/python/lib/pyspark.zip/pyspark/serializers.py", line 173, in _read_with_length
    return self.loads(obj)
           ^^^^^^^^^^^^^^^
  File "<repo>/.venv/lib/python3.11/site-packages/pyspark/python/lib/pyspark.zip/pyspark/serializers.py", line 473, in loads
    return cloudpickle.loads(obj, encoding=encoding)
           ^^^^^^^^^^^^^^^^^^^^^^^^^^^^^^^^^^^^^^^^^
ModuleNotFoundError: No module named 'tables'

	at org.apache.spark.api.python.BasePythonRunner$ReaderIterator.handlePythonException(PythonRunner.scala:581)
	at org.apache.spark.sql.execution.python.BasePythonUDFRunner$$anon$2.read(PythonUDFRunner.scala:107)
	at org.apache.spark.sql.execution.python.BasePythonUDFRunner$$anon$2.read(PythonUDFRunner.scala:90)
	at org.apache.spark.api.python.BasePythonRunner$ReaderIterator.hasNext(PythonRunner.scala:532)
	at org.apache.spark.InterruptibleIterator.hasNext(InterruptibleIterator.scala:37)
	at scala.collection.Iterator$$anon$10.hasNext(Iterator.scala:601)
	at scala.collection.Iterator$$anon$9.hasNext(Iterator.scala:583)
	at scala.collection.Iterator$$anon$9.hasNext(Iterator.scala:583)
	at org.apache.spark.sql.catalyst.expressions.GeneratedClass$GeneratedIteratorForCodegenStage2.processNext(Unknown Source)
	at org.apache.spark.sql.execution.BufferedRowIterator.hasNext(BufferedRowIterator.java:43)
	at org.apache.spark.sql.execution.WholeStageCodegenEvaluatorFactory$WholeStageCodegenPartitionEvaluator$$anon$1.hasNext(WholeStageCodegenEvaluatorFactory.scala:50)
	at org.apache.spark.sql.execution.datasources.FileFormatDataWriter.writeWithIterator(FileFormatDataWriter.scala:110)
	at org.apache.spark.sql.delta.files.DeltaFileFormatWriter$.$anonfun$executeTask$1(DeltaFileFormatWriter.scala:452)
	at org.apache.spark.util.Utils$.tryWithSafeFinallyAndFailureCallbacks(Utils.scala:1323)
	at org.apache.spark.sql.delta.files.DeltaFileFormatWriter$.executeTask(DeltaFileFormatWriter.scala:459)
	at org.apache.spark.sql.delta.files.DeltaFileFormatWriter$.$anonfun$executeWrite$3(DeltaFileFormatWriter.scala:281)
	at org.apache.spark.scheduler.ResultTask.runTask(ResultTask.scala:93)
	at org.apache.spark.TaskContext.runTaskWithListeners(TaskContext.scala:171)
	at org.apache.spark.scheduler.Task.run(Task.scala:147)
	at org.apache.spark.executor.Executor$TaskRunner.$anonfun$run$5(Executor.scala:647)
	at org.apache.spark.util.SparkErrorUtils.tryWithSafeFinally(SparkErrorUtils.scala:80)
	at org.apache.spark.util.SparkErrorUtils.tryWithSafeFinally$(SparkErrorUtils.scala:77)
	at org.apache.spark.util.Utils$.tryWithSafeFinally(Utils.scala:99)
	at org.apache.spark.executor.Executor$TaskRunner.run(Executor.scala:650)
	at java.base/java.util.concurrent.ThreadPoolExecutor.runWorker(ThreadPoolExecutor.java:1144)
	at java.base/java.util.concurrent.ThreadPoolExecutor$Worker.run(ThreadPoolExecutor.java:642)
	... 1 more
silver.impressions: 1.004s
Traceback (most recent call last):
  File "<repo>/experiments/09_python_date_udf/run.py", line 122, in <module>
    run(args.source_dir, args.output_dir, args.run_id)
  File "<repo>/experiments/09_python_date_udf/run.py", line 63, in run
    write_table(clean(name, read_table(spark, root, 'bronze', name)), root, 'silver', name)
  File "<repo>/experiments/09_python_date_udf/tables.py", line 95, in write_table
    df.write.format('delta').mode('errorifexists').save(str(root / layer / name))
  File "<repo>/.venv/lib/python3.11/site-packages/pyspark/sql/readwriter.py", line 1745, in save
    self._jwrite.save(path)
  File "<repo>/.venv/lib/python3.11/site-packages/py4j/java_gateway.py", line 1362, in __call__
    return_value = get_return_value(
                   ^^^^^^^^^^^^^^^^^
  File "<repo>/.venv/lib/python3.11/site-packages/pyspark/errors/exceptions/captured.py", line 288, in deco
    raise converted from None
pyspark.errors.exceptions.captured.PythonException: 
  An exception was thrown from the Python worker. Please see the stack trace below.
Traceback (most recent call last):
  File "<repo>/.venv/lib/python3.11/site-packages/pyspark/python/lib/pyspark.zip/pyspark/worker.py", line 2028, in main
    func, profiler, deserializer, serializer = read_udfs(pickleSer, infile, eval_type)
                                               ^^^^^^^^^^^^^^^^^^^^^^^^^^^^^^^^^^^^^^^
  File "<repo>/.venv/lib/python3.11/site-packages/pyspark/python/lib/pyspark.zip/pyspark/worker.py", line 1938, in read_udfs
    read_single_udf(
  File "<repo>/.venv/lib/python3.11/site-packages/pyspark/python/lib/pyspark.zip/pyspark/worker.py", line 876, in read_single_udf
    f, return_type = read_command(pickleSer, infile)
                     ^^^^^^^^^^^^^^^^^^^^^^^^^^^^^^^
  File "<repo>/.venv/lib/python3.11/site-packages/pyspark/python/lib/pyspark.zip/pyspark/worker_util.py", line 64, in read_command
    command = serializer._read_with_length(file)
              ^^^^^^^^^^^^^^^^^^^^^^^^^^^^^^^^^^
  File "<repo>/.venv/lib/python3.11/site-packages/pyspark/python/lib/pyspark.zip/pyspark/serializers.py", line 173, in _read_with_length
    return self.loads(obj)
           ^^^^^^^^^^^^^^^
  File "<repo>/.venv/lib/python3.11/site-packages/pyspark/python/lib/pyspark.zip/pyspark/serializers.py", line 473, in loads
    return cloudpickle.loads(obj, encoding=encoding)
           ^^^^^^^^^^^^^^^^^^^^^^^^^^^^^^^^^^^^^^^^^
ModuleNotFoundError: No module named 'tables'



----------------------------------------------------------------------
Ran 2 tests in 38.006s

FAILED (failures=1)
